[www.india-sales-office.com/Projects/Unity-Group/The-Amaryllis-Delhi/index.html]
[backblue.gif]
[fade.gif]
[index.html]
[www.india-sales-office.com/Projects/Unity-Group/The-Amaryllis-Delhi/images/favicon.ico]
[www.india-sales-office.com/Projects/Unity-Group/The-Amaryllis-Delhi/carousel/owl.carousel.css]
[www.india-sales-office.com/Projects/Unity-Group/The-Amaryllis-Delhi/light-gallery/lightgallery.css]
[www.india-sales-office.com/Projects/Unity-Group/The-Amaryllis-Delhi/css/bootstrap.min.css]
[www.india-sales-office.com/Projects/Unity-Group/The-Amaryllis-Delhi/css/font-awesome.min.css]
[www.india-sales-office.com/Projects/Unity-Group/The-Amaryllis-Delhi/css/flexslider.css]
[www.india-sales-office.com/Projects/Unity-Group/The-Amaryllis-Delhi/css/style.css]
[www.india-sales-office.com/Projects/Unity-Group/The-Amaryllis-Delhi/images/logo.png]
[www.india-sales-office.com/Projects/Unity-Group/The-Amaryllis-Delhi/images/banner1.jpg]
[www.india-sales-office.com/Projects/Unity-Group/The-Amaryllis-Delhi/images/banner2.jpg]
[www.india-sales-office.com/Projects/Unity-Group/The-Amaryllis-Delhi/images/banner3.jpg]
[www.india-sales-office.com/Projects/Unity-Group/The-Amaryllis-Delhi/images/costing-details.jpg]
[www.india-sales-office.com/Projects/Unity-Group/The-Amaryllis-Delhi/images/masterplan.jpg]
[www.india-sales-office.com/Projects/Unity-Group/The-Amaryllis-Delhi/images/Floor3.jpg]
[www.india-sales-office.com/Projects/Unity-Group/The-Amaryllis-Delhi/images/gallery1.jpg]
[www.india-sales-office.com/Projects/Unity-Group/The-Amaryllis-Delhi/images/gallery2.jpg]
[www.india-sales-office.com/Projects/Unity-Group/The-Amaryllis-Delhi/images/gallery3.jpg]
[www.india-sales-office.com/Projects/Unity-Group/The-Amaryllis-Delhi/images/gallery4.jpg]
[www.india-sales-office.com/Projects/Unity-Group/The-Amaryllis-Delhi/images/gallery5.jpg]
[www.india-sales-office.com/Projects/Unity-Group/The-Amaryllis-Delhi/images/gallery6.jpg]
[www.india-sales-office.com/Projects/Unity-Group/The-Amaryllis-Delhi/images/gallery7.jpg]
[www.india-sales-office.com/Projects/Unity-Group/The-Amaryllis-Delhi/images/gallery8.jpg]
[www.india-sales-office.com/Projects/Unity-Group/The-Amaryllis-Delhi/images/gallery9.jpg]
[www.india-sales-office.com/Projects/Unity-Group/The-Amaryllis-Delhi/images/gallery10.jpg]
[www.india-sales-office.com/Projects/Unity-Group/The-Amaryllis-Delhi/images/gallery11.jpg]
[www.india-sales-office.com/Projects/Unity-Group/The-Amaryllis-Delhi/images/amenities/swimming-pool.png]
[www.india-sales-office.com/Projects/Unity-Group/The-Amaryllis-Delhi/images/amenities/gym.png]
[www.india-sales-office.com/Projects/Unity-Group/The-Amaryllis-Delhi/images/amenities/jogging.png]
[www.india-sales-office.com/Projects/Unity-Group/The-Amaryllis-Delhi/images/amenities/children.png]
[www.india-sales-office.com/Projects/Unity-Group/The-Amaryllis-Delhi/images/amenities/disco-ball.png]
[www.india-sales-office.com/Projects/Unity-Group/The-Amaryllis-Delhi/images/amenities/yoga.png]
[www.india-sales-office.com/Projects/Unity-Group/The-Amaryllis-Delhi/images/amenities/tennis.png]
[www.india-sales-office.com/Projects/Unity-Group/The-Amaryllis-Delhi/images/amenities/Elevator.png]
[www.india-sales-office.com/Projects/Unity-Group/The-Amaryllis-Delhi/images/amenities/garden-1.png]
[www.india-sales-office.com/Projects/Unity-Group/The-Amaryllis-Delhi/images/amenities/Car.png]
[www.india-sales-office.com/Projects/Unity-Group/The-Amaryllis-Delhi/images/amenities/CCTV.png]
[www.india-sales-office.com/Projects/Unity-Group/The-Amaryllis-Delhi/images/amenities/Water.png]
[www.india-sales-office.com/Projects/Unity-Group/The-Amaryllis-Delhi/images/LocationMap.jpg]
[www.india-sales-office.com/Projects/Unity-Group/The-Amaryllis-Delhi/images/videos.jpg]
[www.india-sales-office.com/Projects/Unity-Group/The-Amaryllis-Delhi/js/jquery-2.2.3.min.js]
[www.india-sales-office.com/Projects/Unity-Group/The-Amaryllis-Delhi/images/call.png]
[www.india-sales-office.com/Projects/Unity-Group/The-Amaryllis-Delhi/images/car.png]
[www.india-sales-office.com/Projects/Unity-Group/The-Amaryllis-Delhi/images/pay.png]
[www.india-sales-office.com/Projects/Unity-Group/The-Amaryllis-Delhi/js/main.js]
[www.india-sales-office.com/Projects/Unity-Group/The-Amaryllis-Delhi/js/move-top.js]
[www.india-sales-office.com/Projects/Unity-Group/The-Amaryllis-Delhi/js/easing.js]
[www.india-sales-office.com/Projects/Unity-Group/The-Amaryllis-Delhi/js/responsiveslides.min.js]
[www.india-sales-office.com/Projects/Unity-Group/The-Amaryllis-Delhi/js/jquery.waypoints.min.js]
[www.india-sales-office.com/Projects/Unity-Group/The-Amaryllis-Delhi/carousel/owl.carousel.js]
[www.india-sales-office.com/Projects/Unity-Group/The-Amaryllis-Delhi/light-gallery/lightgallery-all.min.js]
[www.india-sales-office.com/Projects/Unity-Group/The-Amaryllis-Delhi/light-gallery/jquery.mousewheel.min.js]
[www.india-sales-office.com/Projects/Unity-Group/The-Amaryllis-Delhi/js/bootstrap.min.js]
[www.india-sales-office.com/Projects/Unity-Group/The-Amaryllis-Delhi/index.html]
[www.india-sales-office.com/Projects/Unity-Group/The-Amaryllis-Delhi/carousel/owl.carousel.css]
[www.india-sales-office.com/Projects/Unity-Group/The-Amaryllis-Delhi/fonts/lgd641.eot]
[www.india-sales-office.com/Projects/Unity-Group/The-Amaryllis-Delhi/fonts/lgd41d.eot]
[www.india-sales-office.com/Projects/Unity-Group/The-Amaryllis-Delhi/fonts/lgd641.woff]
[www.india-sales-office.com/Projects/Unity-Group/The-Amaryllis-Delhi/fonts/lgd641.ttf]
[www.india-sales-office.com/Projects/Unity-Group/The-Amaryllis-Delhi/light-gallery/lightgallery.css]
[www.india-sales-office.com/Projects/Unity-Group/The-Amaryllis-Delhi/css/bootstrap.min.css]
[www.india-sales-office.com/Projects/Unity-Group/The-Amaryllis-Delhi/fonts/fontawesome-webfont3e6e.eot]
[www.india-sales-office.com/Projects/Unity-Group/The-Amaryllis-Delhi/fonts/fontawesome-webfontd41d.eot]
[www.india-sales-office.com/Projects/Unity-Group/The-Amaryllis-Delhi/fonts/fontawesome-webfont3e6e.woff2]
[www.india-sales-office.com/Projects/Unity-Group/The-Amaryllis-Delhi/fonts/fontawesome-webfont3e6e.woff]
[www.india-sales-office.com/Projects/Unity-Group/The-Amaryllis-Delhi/fonts/fontawesome-webfont3e6e.ttf]
[www.india-sales-office.com/Projects/Unity-Group/The-Amaryllis-Delhi/css/font-awesome.min.css]
[www.india-sales-office.com/Projects/Unity-Group/The-Amaryllis-Delhi/images/right.png]
[www.india-sales-office.com/Projects/Unity-Group/The-Amaryllis-Delhi/images/left.png]
[www.india-sales-office.com/Projects/Unity-Group/The-Amaryllis-Delhi/css/flexslider.css]
[www.india-sales-office.com/Projects/Unity-Group/The-Amaryllis-Delhi/images/left11.png]
[www.india-sales-office.com/Projects/Unity-Group/The-Amaryllis-Delhi/images/right11.png]
[www.india-sales-office.com/Projects/Unity-Group/The-Amaryllis-Delhi/images/arrow-right.png]
[www.india-sales-office.com/Projects/Unity-Group/The-Amaryllis-Delhi/images/arr.png]
[www.india-sales-office.com/Projects/Unity-Group/The-Amaryllis-Delhi/css/style.css]
[www.india-sales-office.com/Projects/Unity-Group/The-Amaryllis-Delhi/images/icons/overview.svg]
[www.india-sales-office.com/Projects/Unity-Group/The-Amaryllis-Delhi/images/icons/blueprint.svg]
[www.india-sales-office.com/Projects/Unity-Group/The-Amaryllis-Delhi/images/icons/amenities.svg]
[www.india-sales-office.com/Projects/Unity-Group/The-Amaryllis-Delhi/images/icons/location.svg]
[www.india-sales-office.com/Projects/Unity-Group/The-Amaryllis-Delhi/images/icons/site-visit.svg]
[www.india-sales-office.com/Projects/Unity-Group/The-Amaryllis-Delhi/images/icons/bro-download.svg]
[www.india-sales-office.com/Projects/Unity-Group/The-Amaryllis-Delhi/carousel/owl.video.play.html]
[www.india-sales-office.com/Projects/Unity-Group/The-Amaryllis-Delhi/fonts/lgd641.svg]
[www.india-sales-office.com/Projects/Unity-Group/The-Amaryllis-Delhi/img/vimeo-play.html]
[www.india-sales-office.com/Projects/Unity-Group/The-Amaryllis-Delhi/img/video-play.html]
[www.india-sales-office.com/Projects/Unity-Group/The-Amaryllis-Delhi/img/youtube-play.html]
[www.india-sales-office.com/Projects/Unity-Group/The-Amaryllis-Delhi/img/loading.html]
[www.india-sales-office.com/Projects/Unity-Group/The-Amaryllis-Delhi/fonts/fontawesome-webfont3e6e.html]
[www.india-sales-office.com/Projects/Unity-Group/The-Amaryllis-Delhi/images/bann2.html]
[www.india-sales-office.com/Projects/Unity-Group/The-Amaryllis-Delhi/images/about.html]
[www.india-sales-office.com/Projects/Unity-Group/The-Amaryllis-Delhi/images/bann1.html]
[www.india-sales-office.com/Projects/Unity-Group/The-Amaryllis-Delhi/images/bann3.html]
